Banks0123.asm(13605): error: Label not found: PowerSwitchOn
Banks0123.asm(13608): error: Label not found: PowerSwitchY
Banks0123.asm(13621): error: Label not found: PowerSwitchY
Banks0123.asm(13629): error: Label not found: Room
Banks0123.asm(13649): error: Label not found: PowerSwitchY
Banks0123.asm(13654): error: Label not found: PowerSwitchOn
logic/doors/drawdoors.asm(9): error: Label not found: DoorsInRoom
logic/doors/drawdoors.asm(14): error: Label not found: DoorsList
logic/doors/drawdoors.asm(36): error: Label not found: TempData
logic/doors/drawdoors.asm(83): error: Label not found: TempData
logic/doors/drawdoors.asm(90): error: Label not found: TempData
logic/doors/drawdoors.asm(105): error: Label not found: TempData
logic/doors/drawdoors.asm(131): error: Label not found: TempData
logic/doors/drawdoors.asm(146): error: Label not found: TempData
logic/doors/drawdoors.asm(176): error: Label not found: TempData
logic/doors/drawdoors.asm(193): error: Label not found: TempData
logic/doors/drawdoors.asm(200): error: Label not found: TempData
logic/doors/drawdoors.asm(215): error: Label not found: TempData
logic/doors/drawdoors.asm(222): error: Label not found: TempData
logic/doors/drawdoors.asm(311): error: Label not found: TempData
logic/doors/enterdoor.asm(8): error: Label not found: DoorsList
logic/doors/enterdoor.asm(11): error: Label not found: DoorsInRoom
logic/doors/enterdoor.asm(22): error: Label not found: TempData
logic/doors/enterdoor.asm(33): error: Label not found: MetalGear_KO
logic/doors/enterdoor.asm(37): error: Label not found: TempData
logic/doors/enterdoor.asm(49): error: Label not found: idxDoorOpen
logic/doors/enterdoor.asm(52): error: Label not found: GameMode
logic/doors/enterdoor.asm(55): error: Label not found: OpenDoorStatus
logic/doors/enterdoor.asm(65): error: Label not found: TempData
logic/doors/enterdoor.asm(94): error: Label not found: DoorsList
logic/doors/enterdoor.asm(101): error: Label not found: IdDoorEnter
logic/doors/enterdoor.asm(104): error: Label not found: OpenDoorStatus
logic/doors/enterdoor.asm(107): error: Label not found: GameMode
logic/doors/enterdoor.asm(123): error: Label not found: IdDoorEnter
logic/doors/opendoor.asm(8): error: Label not found: PlayerAnimation
logic/doors/opendoor.asm(61): error: Label not found: PlayerDirection
logic/doors/opendoor.asm(69): error: Label not found: PlayerDirection
logic/doors/opendoor.asm(125): error: Label not found: SelectedItem
logic/doors/opendoor.asm(129): error: Label not found: PlayerDirection
logic/doors/opendoor.asm(147): error: Label not found: PlayerDirection
logic/doors/opendoor.asm(152): error: Label not found: PlayerControlMod
logic/doors/opendoor.asm(169): error: Label not found: PlayerShotsList
logic/doors/opendoor.asm(173): error: Label not found: PlayerShot1Stat
logic/doors/opendoor.asm(185): error: Label not found: PlayerControlMod
logic/doors/opendoor.asm(189): error: Label not found: PlayerDirection
logic/doors/opendoor.asm(196): error: Label not found: PunchCnt
logic/doors/opendoor.asm(215): error: Label not found: Room
logic/doors/opendoor.asm(219): error: Label not found: PlayerDirection
logic/doors/opendoor.asm(227): error: Label not found: DoorBuild2LockedF
logic/doors/opendoor.asm(234): error: Label not found: DoorBuild2LockedF
logic/doors/opendoor.asm(249): error: Label not found: JeniOpenDoorF
logic/doors/opendoor.asm(254): error: Label not found: JeniOpenDoorF
logic/doors/opendoor.asm(269): error: Label not found: OpenBigBossDoor
logic/doors/opendoor.asm(274): error: Label not found: OpenBigBossDoor
logic/doors/opendoor.asm(296): error: Label not found: PlayerDirection
logic/doors/opendoor.asm(300): error: Label not found: PlayerControlMod
logic/doors/opendoor.asm(307): error: Label not found: TempData
logic/doors/opendoor.asm(309): error: Label not found: PrisonWall2Life
logic/doors/opendoor.asm(313): error: Label not found: PrisonWall1Life
logic/doors/opendoor.asm(335): error: Label not found: PlayerShotsList
logic/doors/opendoor.asm(339): error: Label not found: PlayerShot1Stat
logic/doors/opendoor.asm(358): error: Label not found: PlayerDirection
logic/doors/opendoor.asm(362): error: Label not found: PlayerControlMod
logic/doors/opendoor.asm(408): error: Label not found: PlayerX
logic/doors/opendoor.asm(410): error: Label not found: PlayerY
logic/doors/opendoor.asm(443): error: Label not found: PlayerShot1X
logic/doors/opendoor.asm(445): error: Label not found: PlayerShot1Y
logic/doors/erasedoor.asm(8): error: Label not found: OpenDoorStatus
logic/doors/erasedoor.asm(63): error: Label not found: OpenDoorStatus
logic/doors/erasedoor.asm(413): error: Label not found: SavedTilesBuffer
logic/doors/erasedoor.asm(446): error: Label not found: DoorOpenArray
logic/doors/erasedoor.asm(487): error: Label not found: GameMode
logic/doors/erasedoor.asm(536): error: Label not found: idxDoorOpen
logic/doors/erasedoor.asm(537): error: Label not found: DoorsList
logic/inithardware.asm(16): error: Label not found: PGS_MixerVal
logic/controls.asm(9): error: Label not found: ControlConfig
logic/controls.asm(15): error: Label not found: FKeysHold
logic/controls.asm(21): error: Label not found: ControlsHold
logic/setalert.asm(12): error: Label not found: AlertRespawnTimer
logic/setalert.asm(16): error: Label not found: AlertMode
logic/setalert.asm(17): error: Label not found: AlertModeCopy
logic/setalert.asm(19): error: Label not found: Room
logic/setalert.asm(20): error: Label not found: RoomAlert
logic/setalert.asm(25): error: Label not found: Card8Taken
logic/setalert.asm(39): error: Label not found: NumRespawnGuards
logic/setalert.asm(41): error: Label not found: DestructionTimerOn
logic/setalert.asm(46): error: Label not found: SoundWorkArea
logic/setalert.asm(67): error: Label not found: ControlConfig
logic/setalert.asm(71): error: Label not found: MusicInDemoMode
logic/setalert.asm(77): error: Label not found: AreaMusic
logic/capturescene.asm(9): error: Label not found: CaptureStatus
logic/capturescene.asm(28): error: Label not found: CaptureStatus
logic/capturescene.asm(32): error: Label not found: PlayerY
logic/capturescene.asm(39): error: Label not found: CaptureStatus
logic/capturescene.asm(42): error: Label not found: CaptureTimer
logic/capturescene.asm(46): error: Label not found: MusicToSet
logic/capturescene.asm(53): error: Label not found: CaptureTimer
logic/capturescene.asm(73): error: Label not found: CaptureStatus
logic/capturescene.asm(88): error: Label not found: CaptureTimer
logic/capturescene.asm(92): error: Label not found: EquipRemoved
logic/capturescene.asm(96): error: Label not found: SelectedWeapon
logic/capturescene.asm(97): error: Label not found: SelectedItem
logic/capturescene.asm(98): error: Label not found: AlertMode
logic/capturescene.asm(99): error: Label not found: AlertRespawnTimer
logic/capturescene.asm(101): error: Label not found: Room
logic/capturescene.asm(103): error: Label not found: PreviousRoom
logic/capturescene.asm(106): error: Label not found: PlayerY
logic/capturescene.asm(108): error: Label not found: PlayerX
logic/capturescene.asm(115): error: Label not found: GameMode
logic/capturescene.asm(177): error: Label not found: PlayerY
logic/capturescene.asm(235): error: Label not found: PlayerY
logic/capturescene.asm(272): error: Label not found: CaptureStatus
logic/menuequipment.asm(9): error: Label not found: FKeysTrigger
logic/menuequipment.asm(13): error: Label not found: EquipRadioStatus
logic/menuequipment.asm(24): error: Label not found: EquipRadioStatus
logic/menuequipment.asm(31): error: Label not found: SelectedItem
logic/menuequipment.asm(33): error: Label not found: Equipment
logic/menuequipment.asm(52): error: Label not found: ControlsTrigger
logic/menuequipment.asm(59): error: Label not found: ControlsHold
logic/menuequipment.asm(63): error: Label not found: ControlHoldWait
logic/menuequipment.asm(68): error: Label not found: ControlHoldWait
logic/menuequipment.asm(82): error: Label not found: SelectIdx
logic/menuequipment.asm(98): error: Label not found: SelectIdx
logic/menuequipment.asm(120): error: Label not found: SelectIdx
logic/menuequipment.asm(142): error: Label not found: SelectIdx
logic/menuequipment.asm(167): error: Label not found: SelectIdx
logic/menuequipment.asm(172): error: Label not found: EquipRemoved
logic/menuequipment.asm(187): error: Label not found: SelectIdx
logic/menuequipment.asm(189): error: Label not found: Equipment
logic/menuequipment.asm(194): error: Label not found: SelectedItem
logic/menuequipment.asm(209): error: Label not found: SelectedItem
logic/menuequipment.asm(215): error: Label not found: PlayerAnimation
logic/menuequipment.asm(227): error: Label not found: MaxLife
logic/menuequipment.asm(228): error: Label not found: Life
logic/menuequipment.asm(247): error: Label not found: TransmiTaken
logic/menuequipment.asm(260): error: Label not found: Poisoned
logic/menuequipment.asm(272): error: Label not found: DestructionTimerOn
logic/menuequipment.asm(280): error: Label not found: DestructTimerH
logic/menuequipment.asm(300): error: Label not found: IsolatedRoom
logic/menuequipment.asm(304): error: Label not found: SelectedItem
logic/menuequipment.asm(309): error: Label not found: GameMode
logic/menuequipment.asm(312): error: Label not found: BinoculStatus
logic/menuequipment.asm(314): error: Label not found: BinocularDir
logic/menuequipment.asm(318): error: Label not found: EnemyList
logic/menuequipment.asm(319): error: Label not found: EnemyListCopy
logic/menuequipment.asm(323): error: Label not found: PowerSwitchOn
logic/menuequipment.asm(324): error: Label not found: PowerSwitchOnCopy
logic/menuequipment.asm(326): error: Label not found: RadioCallFlag
logic/menuequipment.asm(327): error: Label not found: RadioCallFlagCopy
logic/menuequipment.asm(329): error: Label not found: AlertModeCopy
logic/menuequipment.asm(330): error: Label not found: AlertModeCopy2
logic/menuequipment.asm(332): error: Label not found: SprAttRAM
logic/menuequipment.asm(333): error: Label not found: SprAttRAM
logic/menuequipment.asm(339): error: Label not found: SprShootsAtt
logic/menuequipment.asm(343): error: Label not found: BinocularSprCol
logic/menuequipment.asm(344): error: Label not found: BinocularSprCol
logic/checkweaponalert.asm(9): error: Label not found: IsolatedRoom
logic/checkweaponalert.asm(13): error: Label not found: Room
logic/checkweaponalert.asm(24): error: Label not found: AlertMode
logic/weaponuse.asm(9): error: Label not found: SelectedWeapon
logic/weaponuse.asm(13): error: Label not found: Room
logic/weaponuse.asm(20): error: Label not found: PlayerAnimation
logic/weaponuse.asm(30): error: Label not found: SelectedWeapon
logic/weaponuse.asm(53): error: Label not found: PlayerShotsList
logic/weaponuse.asm(89): error: Label not found: SelectedWeapon
logic/weaponuse.asm(104): error: Label not found: SprShootsAtt
logic/weaponuse.asm(144): error: Label not found: SelectedWeapon
logic/weaponuse.asm(170): error: Label not found: PlayerShotsList
logic/weaponuse.asm(217): error: Label not found: PlayerShotsList
logic/weaponuse.asm(238): error: Label not found: SprAttRAM
logic/weaponuse.asm(250): error: Label not found: SpritesColors
logic/weaponuse.asm(394): error: Label not found: SprAttRAM
logic/textboxappear.asm(11): error: Label not found: TextBoxEff_Cnt
logic/textboxappear.asm(18): error: Label not found: TextBoxEff_DY
logic/textboxappear.asm(19): error: Label not found: TextBoxStepY
logic/textboxappear.asm(21): error: Label not found: TextBoxEff_DY
logic/textboxappear.asm(24): error: Label not found: TextBoxEff_NY
logic/textboxappear.asm(30): error: Label not found: TextBoxEff_DX
logic/textboxappear.asm(31): error: Label not found: TextBoxStepX
logic/textboxappear.asm(33): error: Label not found: TextBoxEff_DX
logic/textboxappear.asm(36): error: Label not found: TextBoxEff_NX
logic/textboxappear.asm(41): error: Label not found: TextBoxEff_DY
logic/textboxappear.asm(45): error: Label not found: TextBoxEff_NY
logic/textboxappear.asm(55): error: Label not found: TextBoxEff_Col
logic/textboxappear.asm(59): error: Label not found: TextBoxEff_DY
logic/textboxappear.asm(60): error: Label not found: TextBoxEff_NY
logic/collisions.asm(20): error: Label not found: TempData
logic/collisions.asm(36): error: Label not found: TempData
logic/collisions.asm(41): error: Label not found: TempData
logic/collisions.asm(53): error: Label not found: CollisionTiles
logic/collisions.asm(156): error: Label not found: PlayerX
logic/collisions.asm(159): error: Label not found: PlayerY
logic/collisions.asm(200): error: Label not found: CollisionTiles
logic/helperdirections.asm(13): error: Label not found: PlayerY
logic/helperdirections.asm(24): error: Label not found: PlayerX
logic/weapon/handgun.asm(9): error: Label not found: ControlsTrigger
logic/weapon/handgun.asm(17): error: Label not found: TempData
logic/weapon/handgun.asm(32): error: Label not found: TempData
logic/weapon/handgun.asm(39): error: Label not found: PlayerY
logic/weapon/handgun.asm(46): error: Label not found: PlayerX
logic/weapon/handgun.asm(50): error: Label not found: PlayerDirection
logic/weapon/handgun.asm(66): error: Label not found: InvSupressor
logic/weapon/smg.asm(26): error: Label not found: SubMachGunTimer
logic/weapon/smg.asm(27): error: Label not found: ControlsHold
logic/weapon/smg.asm(53): error: Label not found: TempData
logic/weapon/smg.asm(66): error: Label not found: TempData
logic/weapon/smg.asm(73): error: Label not found: PlayerY
logic/weapon/smg.asm(80): error: Label not found: PlayerX
logic/weapon/smg.asm(84): error: Label not found: PlayerDirection
logic/weapon/smg.asm(94): error: Label not found: BurstCnt
logic/weapon/smg.asm(114): error: Label not found: InvSupressor
logic/weapon/grenade.asm(9): error: Label not found: ControlsTrigger
logic/weapon/grenade.asm(16): error: Label not found: TempData
logic/weapon/grenade.asm(29): error: Label not found: TempData
logic/weapon/grenade.asm(36): error: Label not found: PlayerY
logic/weapon/grenade.asm(43): error: Label not found: PlayerX
logic/weapon/grenade.asm(47): error: Label not found: PlayerDirection
logic/weapon/rocket.asm(9): error: Label not found: ControlsTrigger
logic/weapon/rocket.asm(16): error: Label not found: TempData
logic/weapon/rocket.asm(23): error: Label not found: PlayerShotsList
logic/weapon/rocket.asm(27): error: Label not found: PlayerShotsList
logic/weapon/rocket.asm(31): error: Label not found: TempData
logic/weapon/rocket.asm(37): error: Label not found: PlayerY
logic/weapon/rocket.asm(45): error: Label not found: PlayerX
logic/weapon/rocket.asm(49): error: Label not found: PlayerDirection
logic/weapon/plasticbomb.asm(8): error: Label not found: ControlsTrigger
logic/weapon/plasticbomb.asm(15): error: Label not found: TempData
logic/weapon/plasticbomb.asm(22): error: Label not found: PlayerShotsList
logic/weapon/plasticbomb.asm(26): error: Label not found: PlayerShotsList
logic/weapon/plasticbomb.asm(30): error: Label not found: TempData
logic/weapon/plasticbomb.asm(37): error: Label not found: PlayerDirection
logic/weapon/plasticbomb.asm(51): error: Label not found: PlayerYdec
logic/weapon/plasticbomb.asm(62): error: Label not found: PlayerXdec
logic/weapon/mine.asm(8): error: Label not found: ControlsTrigger
logic/weapon/mine.asm(16): error: Label not found: TempData
logic/weapon/mine.asm(29): error: Label not found: TempData
logic/weapon/mine.asm(35): error: Label not found: PlayerY
logic/weapon/mine.asm(39): error: Label not found: PlayerX
logic/weapon/missile.asm(9): error: Label not found: ControlsTrigger
logic/weapon/missile.asm(16): error: Label not found: TempData
logic/weapon/missile.asm(23): error: Label not found: PlayerShotsList
logic/weapon/missile.asm(27): error: Label not found: PlayerShotsList
logic/weapon/missile.asm(31): error: Label not found: TempData
logic/weapon/missile.asm(37): error: Label not found: PlayerY
logic/weapon/missile.asm(44): error: Label not found: PlayerX
logic/weapon/missile.asm(51): error: Label not found: PlayerDirection
logic/weapon/missile.asm(113): error: Label not found: ControlsTrigger
logic/common.asm(9): error: Label not found: GameMode
logic/common.asm(19): error: Label not found: GameMode
logic/common.asm(27): error: Label not found: EquipBagTaken
logic/common.asm(31): error: Label not found: Room
logic/common.asm(35): error: Label not found: PlayerX
logic/common.asm(43): error: Label not found: GameMode
logic/common.asm(46): error: Label not found: CaptureStatus
logic/touchenemy.asm(10): error: Label not found: isOnBridge
logic/touchenemy.asm(12): error: Label not found: EnemyList
logic/touchenemy.asm(14): error: Label not found: PlayerY
logic/touchenemy.asm(16): error: Label not found: PlayerX
logic/touchenemy.asm(72): error: Label not found: ControlsTrigger
logic/touchenemy.asm(76): error: Label not found: PlayerAnimation
logic/touchenemy.asm(121): error: Label not found: Poisoned
logic/touchenemy.asm(149): error: Label not found: DamageDelayTimer
logic/touchenemy.asm(156): error: Label not found: DamageDelayTimer
logic/touchenemy.asm(159): error: Label not found: TempData
logic/touchenemy.asm(182): error: Label not found: SelectedItem
logic/punchenemy.asm(46): error: Label not found: PlayerDirection
logic/laserbeams.asm(89): error: Label not found: EnemyList
logic/common.asm(66): error: Label not found: isOnBridge
logic/damagelaser.asm(21): error: Label not found: Room
logic/bridge.asm(16): error: Label not found: Room
logic/bridge.asm(24): error: Label not found: isOnBridge
logic/bridge.asm(35): error: Label not found: Room
logic/bridge.asm(45): error: Label not found: IdDoorEnter
logic/bridge.asm(47): error: Label not found: JumpRoomId
logic/bridge.asm(50): error: Label not found: OpenDoorStatus
logic/bridge.asm(53): error: Label not found: GameMode
logic/damageelectric.asm(9): error: Label not found: Room
logic/damageelectric.asm(29): error: Label not found: PowerSwitchOn
logic/damageelectric.asm(52): error: Label not found: DamageDelayTimer
logic/damageelectric.asm(60): error: Label not found: DamageDelayTimer
logic/damagegas.asm(10): error: Label not found: Room
logic/damagegas.asm(30): error: Label not found: SelectedItem
logic/damagegas.asm(37): error: Label not found: DamageDelayTimer
logic/damagegas.asm(42): error: Label not found: DamageDelayTimer
logic/damagetoenemy.asm(8): error: Label not found: WeaponInUse
logic/damagetoenemy.asm(25): error: Label not found: TempData2
logic/damagetoenemy.asm(30): error: Label not found: PlayerShotsList
logic/damagetoenemy.asm(62): error: Label not found: EnemyList
logic/damagetoenemy.asm(97): error: Label not found: TempData2
logic/damagetoenemy.asm(169): error: Label not found: WeaponInUse
logic/damagetoenemy.asm(190): error: Label not found: BombOrderBuffer
logic/damagetoenemy.asm(191): error: Label not found: BombOrderBuffer
logic/damagetoenemy.asm(210): error: Label not found: EnemyListEntry1
logic/damagetoenemy.asm(211): error: Label not found: EnemyListEntry2
logic/items.asm(8): error: Label not found: ItemsInTheRoom
logic/items.asm(10): error: Label not found: PlayerY
logic/items.asm(12): error: Label not found: PlayerX
logic/items.asm(26): error: Label not found: GameMode
logic/items.asm(65): error: Label not found: TempData
logic/items.asm(102): error: Label not found: TempData2
logic/items.asm(110): error: Label not found: TempData
logic/items.asm(120): error: Label not found: TempData
logic/items.asm(140): error: Label not found: TempData
logic/items.asm(143): error: Label not found: Equipment
logic/items.asm(167): error: Label not found: IncomingCallTimer
logic/items.asm(170): error: Label not found: RadioCallFlag
logic/items.asm(188): error: Label not found: InvSupressor
logic/items.asm(202): error: Label not found: TempData
logic/items.asm(210): error: Label not found: SelectedWeapon
logic/items.asm(212): error: Label not found: TempData
logic/items.asm(231): error: Label not found: TempData
logic/items.asm(232): error: Label not found: Weapons
logic/items.asm(260): error: Label not found: WeaponInUse
logic/items.asm(261): error: Label not found: SelectedWeapon
logic/items.asm(265): error: Label not found: SprShootsAtt
logic/items.asm(274): error: Label not found: PlayerShotsList
logic/items.asm(275): error: Label not found: PlayerShot1Stat
logic/items.asm(297): error: Label not found: EquipRemoved
logic/items.asm(299): error: Label not found: EquipBagTaken
logic/items.asm(301): error: Label not found: Equipment
logic/items.asm(319): error: Label not found: TransmiTaken
logic/items.asm(358): error: Label not found: SelectedWeapon
logic/items.asm(368): error: Label not found: TempData
logic/items.asm(399): error: Label not found: TempData2
logic/items.asm(427): error: Label not found: TempData
logic/items.asm(443): error: Label not found: MaxAmmoGun
logic/items.asm(448): error: Label not found: MaxAmmoSMG
logic/items.asm(453): error: Label not found: MaxAmmoGrenade
logic/items.asm(458): error: Label not found: MaxAmmonRocket
logic/items.asm(463): error: Label not found: MaxAmmoBomb
logic/items.asm(468): error: Label not found: MaxAmmoMine
logic/items.asm(473): error: Label not found: MaxAmmoMissile
logic/items.asm(478): error: Label not found: MaxRations
logic/items.asm(506): error: Label not found: WeaponsTaken
logic/items.asm(510): error: Label not found: ItemsTaken
logic/items.asm(527): error: Label not found: GameVars
logic/items.asm(535): error: Label not found: Pause_1_F5_2
logic/hud.asm(28): error: Label not found: RadioCallFlag
logic/hud.asm(32): error: Label not found: GameMode
logic/hud.asm(39): error: Label not found: TickCounter
logic/hud.asm(50): error: Label not found: DestructionTimerOn
logic/hud.asm(65): error: Label not found: EndingStatus
logic/hud.asm(71): error: Label not found: DestructTimerH
logic/hud.asm(78): error: Label not found: DestructTimerH
logic/hud.asm(81): error: Label not found: DestructTimer
logic/hud.asm(88): error: Label not found: DestructTimer
logic/hud.asm(108): error: Label not found: Life
logic/hud.asm(132): error: Label not found: PlayerControlMod
logic/hud.asm(135): error: Label not found: PlayerAnimation
logic/hud.asm(138): error: Label not found: GameMode
logic/hud.asm(141): error: Label not found: DeadTimer
logic/hud.asm(144): error: Label not found: DamageDelayTimer
logic/hud.asm(146): error: Label not found: SprShootsAtt
logic/hud.asm(147): error: Label not found: SprShootsAtt
logic/hud.asm(171): error: Label not found: Life
logic/hud.asm(187): error: Label not found: Life
logic/hud.asm(219): error: Label not found: Class
logic/hud.asm(224): error: Label not found: Class
logic/maxammo.asm(11): error: Label not found: MaxAmmoGun
logic/maxammo.asm(12): error: Label not found: MaxAmmoGun
logic/maxammo.asm(17): error: Label not found: Class
logic/maxammo.asm(38): error: Label not found: MaxAmmoGun
logic/maxammo.asm(44): error: Label not found: MaxRations
logic/maxammo.asm(48): error: Label not found: MaxAmmoRatioF
logic/maxammo.asm(53): error: Label not found: MaxAmmoGun
logic/maxammo.asm(65): error: Label not found: MaxRations
logic/maxammo.asm(72): error: Label not found: MaxRations
logic/maxammo.asm(81): error: Label not found: MaxAmmoGun
logic/incomingcall.asm(11): error: Label not found: IncomingCallTimer
logic/incomingcall.asm(16): error: Label not found: RadioCallFlag
logic/incomingcall.asm(28): error: Label not found: RadioCallFlag
logic/incomingcall.asm(35): error: Label not found: RadioCallFlag
logic/destructiontimer.asm(11): error: Label not found: DestructionTimerOn
logic/destructiontimer.asm(15): error: Label not found: DestructTimer
logic/destructiontimer.asm(38): error: Label not found: Life
logic/shrinkitems.asm(9): error: Label not found: Weapons
logic/shrinkitems.asm(15): error: Label not found: Equipment
logic/nextroom.asm(13): error: Label not found: Room
logic/nextroom.asm(17): error: Label not found: IdDoorEnter
logic/nextroom.asm(21): error: Label not found: NextRoomDirect
logic/nextroom.asm(29): error: Label not found: Room
logic/nextroom.asm(32): error: Label not found: Room
logic/nextroom.asm(37): error: Label not found: SelectedItem
logic/nextroom.asm(41): error: Label not found: PlayerDirection
logic/nextroom.asm(46): error: Label not found: Room
logic/nextroom.asm(51): error: Label not found: PreviousRoom
logic/nextroom.asm(55): error: Label not found: GameMode
logic/nextroom.asm(67): error: Label not found: Room
logic/nextroom.asm(70): error: Label not found: Room
logic/nextroom.asm(72): error: Label not found: PreviousRoom
logic/nextroom.asm(76): error: Label not found: NextRoomDirect
logic/nextroom.asm(84): error: Label not found: ElevatorY
logic/nextroom.asm(88): error: Label not found: PlayerYdec
logic/nextroom.asm(93): error: Label not found: ElevatorStatus
logic/nextroom.asm(96): error: Label not found: GameMode
logic/nextroom.asm(107): error: Label not found: IdDoorEnter
logic/nextroom.asm(121): error: Label not found: DoorsList
logic/nextroom.asm(147): error: Label not found: Room
logic/nextroom.asm(148): error: Label not found: PreviousRoom
logic/nextroom.asm(151): error: Label not found: Room
logic/nextroom.asm(162): error: Label not found: Room
logic/nextroom.asm(167): error: Label not found: PreviousRoom
logic/nextroom.asm(184): error: Label not found: PlayerYdec
logic/nextroom.asm(187): error: Label not found: PlayerXdec
logic/nextroom.asm(191): error: Label not found: ElevatorY
logic/nextroom.asm(205): error: Label not found: SelectedItem
logic/nextroom.asm(210): error: Label not found: Room
logic/nextroom.asm(212): error: Label not found: PreviousRoom
logic/nextroom.asm(215): error: Label not found: HeightParachuteCnt
logic/nextroom.asm(231): error: Label not found: PreviousRoom
logic/nextroom.asm(234): error: Label not found: IdDoorEnter
logic/nextroom.asm(247): error: Label not found: HeightParachuteCnt
logic/nextroom.asm(252): error: Label not found: Room
logic/nextroom.asm(253): error: Label not found: PreviousRoom
logic/nextroom.asm(263): error: Label not found: JumpRoomId
logic/nextroom.asm(276): error: Label not found: Room
logic/nextroom.asm(279): error: Label not found: PreviousRoom
logic/nextroom.asm(282): error: Label not found: JumpRoomId
logic/nextroom.asm(294): error: Label not found: IdDoorEnter
logic/nextroom.asm(313): error: Label not found: PreviousRoom
logic/nextroom.asm(317): error: Label not found: Room
logic/nextroom.asm(325): error: Label not found: Room
logic/nextroom.asm(329): error: Label not found: PreviousRoom
logic/nextroom.asm(344): error: Label not found: NextRoomDirect
logic/nextroom.asm(354): error: Label not found: PlayerYdec
logic/nextroom.asm(359): error: Label not found: PlayerXdec
logic/nextroom.asm(376): error: Label not found: PlayerControlMod
logic/nextroom.asm(378): error: Label not found: PlayerDirection
logic/nextroom.asm(382): error: Label not found: DirectionMask
logic/nextroom.asm(383): error: Label not found: DirectionMaskOld
logic/nextroom.asm(395): error: Label not found: PlayerControlMod
logic/nextroom.asm(398): error: Label not found: IdDoorEnter
logic/nextroom.asm(399): error: Label not found: DoorsList
logic/nextroom.asm(450): error: Label not found: PlayerYdec
logic/nextroom.asm(451): error: Label not found: PlayerXdec
logic/nextroom.asm(452): error: Label not found: PlayerDirection
logic/nextroom.asm(490): error: Label not found: PlayerAnimation
logic/nextroom.asm(492): error: Label not found: PlayerControlMod
logic/nextroom.asm(497): error: Label not found: PlayerXdec
logic/nextroom.asm(507): error: Label not found: Room
logic/nextroom.asm(519): error: Label not found: PlayerYdec
logic/nextroom.asm(531): error: Label not found: PlayerControlMod
logic/nextroom.asm(532): error: Label not found: PlayerAnimation
logic/nextroom.asm(533): error: Label not found: PlayerFrameNum
logic/nextroom.asm(534): error: Label not found: SnakeSprId
logic/nextroom.asm(536): error: Label not found: PlayerAnimWaitCnt
logic/nextroom.asm(538): error: Label not found: PlayerDirection
logic/nextroom.asm(542): error: Label not found: Room
logic/nextroom.asm(554): error: Label not found: PlayerYdec
logic/nextroom.asm(556): error: Label not found: PlayerXdec
logic/nextroom.asm(562): error: Label not found: PlayerYdec
logic/nextroom.asm(564): error: Label not found: PlayerXdec
logic/nextroom.asm(570): error: Label not found: PlayerYdec
logic/nextroom.asm(572): error: Label not found: PlayerXdec
logic/nextroom.asm(582): error: Label not found: Room
logic/nextroom.asm(587): error: Label not found: PlayerControlMod
logic/nextroom.asm(589): error: Label not found: PlayerDirection
logic/nextroom.asm(594): error: Label not found: PlayerYdec
logic/nextroom.asm(596): error: Label not found: PlayerXdec
logic/hudspritemask.asm(9): error: Label not found: SprAttRAM
logic/hudspritemask.asm(28): error: Label not found: SpritesColors
logic/actors/cowardduck.asm(33): error: Label not found: CowardDuckSpeech
logic/actors/cowardduck.asm(61): error: Label not found: PlayerX
logic/actors/cowardduck.asm(307): error: Label not found: Card8Taken
logic/actors/chkdiscover.asm(13): error: Label not found: TempData
logic/actors/chkdiscover.asm(14): error: Label not found: TempData
logic/actors/chkdiscover.asm(16): error: Label not found: AlertMode
logic/actors/chkdiscover.asm(20): error: Label not found: SnakeSprId
logic/actors/chkdiscover.asm(29): error: Label not found: PlayerAnimation
logic/actors/chkdiscover.asm(35): error: Label not found: PlayerSpeedY
logic/actors/chkdiscover.asm(41): error: Label not found: PlayerSpeedX
logic/actors/chkdiscover.asm(54): error: Label not found: TempData
logic/actors/chkdiscover.asm(73): error: Label not found: PlayerY
logic/actors/chkdiscover.asm(75): error: Label not found: TempData
logic/actors/chkdiscover.asm(87): error: Label not found: PlayerX
logic/actors/chkdiscover.asm(89): error: Label not found: TempData2
logic/actors/chkdiscover.asm(214): error: Label not found: TempData
logic/actors/chkdiscover.asm(218): error: Label not found: TempData2
logic/actors/chkdiscover.asm(220): error: Label not found: CurrentTileSet
logic/actors/chkdiscover.asm(271): error: Label not found: CollisionTiles
logic/actors/chkdiscover.asm(279): error: Label not found: TempData2
logic/actors/chkdiscover.asm(301): error: Label not found: AlertSignNotOnScreen
logic/actors/chkdiscover.asm(304): error: Label not found: AlertRespawnTimer
logic/actors/chkdiscover.asm(310): error: Label not found: Room
logic/actors/chkdiscover.asm(311): error: Label not found: RoomAlertTrigged
logic/actors/chkdiscover.asm(314): error: Label not found: AlertIconTimer
logic/actors/chkdiscover.asm(328): error: Label not found: AlertMode
logic/actors/chkdiscover.asm(332): error: Label not found: Room
logic/actors/chkdiscover.asm(361): error: Label not found: RedAlertFlag
logic/actors/chkdiscover.asm(363): error: Label not found: PlayerX
logic/actors/chkdiscover.asm(389): error: Label not found: XY_AlertIcon
logic/actors/chkdiscover.asm(397): error: Label not found: RedAlertFlag
logic/actors/chkdiscover.asm(409): error: Label not found: AlertRespawnTimer
logic/actors/chkdiscover.asm(417): error: Label not found: XY_AlertIcon
logic/actors/chkdiscover.asm(449): error: Label not found: TempData
logic/actors/chkdiscover.asm(451): error: Label not found: PlayerX
logic/actors/chkdiscover.asm(481): error: Label not found: TempData
logic/actors/chkdiscover.asm(482): error: Label not found: PlayerY
logic/actors/chkdiscover.asm(511): error: Label not found: SelectedWeapon
logic/actors/chkdiscover.asm(515): error: Label not found: InvSupressor
logic/actors/chkdiscover.asm(521): error: Label not found: PlayerShotsList
logic/actors/rollingbarrels.asm(116): error: Label not found: PlayerX
logic/actors/rollingbarrels.asm(121): error: Label not found: PlayerX
logic/actors/desertsecurity.asm(15): error: Label not found: PreviousRoom
logic/actors/desertsecurity.asm(30): error: Label not found: AlertMode
logic/actors/desertsecurity.asm(66): error: Label not found: SelectedItem
logic/actors/desertsecurity.asm(83): error: Label not found: AlertMode
logic/actors/desertsecurity.asm(94): error: Label not found: DesertGuardsTextF
logic/actors/desertsecurity.asm(130): error: Label not found: DoorBuild2LockedF
logic/actors/desertsecurity.asm(131): error: Label not found: byte_C62D
logic/actors/sentinel.asm(8): error: Label not found: Room
logic/actors/sentinel.asm(19): error: Label not found: SleepyGuardFlag
logic/actors/sentinel.asm(32): error: Label not found: PreviousRoom
logic/actors/sentinel.asm(63): error: Label not found: Room
logic/actors/sentinel.asm(67): error: Label not found: SleepyGuardFlag
logic/actors/sentinel.asm(74): error: Label not found: AlertMode
logic/actors/dog.asm(9): error: Label not found: TickCounter
logic/actors/fakemadnar.asm(60): error: Label not found: RescuedArray
logic/actors/prisoner.asm(19): error: Label not found: Room
logic/actors/prisoner.asm(26): error: Label not found: RescuedArray
logic/actors/prisoner.asm(82): error: Label not found: Room
logic/actors/prisoner.asm(86): error: Label not found: Card8Taken
logic/actors/prisoner.asm(152): error: Label not found: RescuedArray
logic/actors/prisoner.asm(217): error: Label not found: Room
logic/actors/prisoner.asm(296): error: Label not found: RescuedArray
logic/actors/guard.asm(38): error: Label not found: AlertMode
logic/actors/guard.asm(188): error: Label not found: SleepyGuardFlag
logic/actors/camera.asm(8): error: Label not found: Room
logic/actors/camera.asm(12): error: Label not found: MetalGear_KO
logic/actors/camera.asm(38): error: Label not found: Room
logic/actors/camera.asm(146): error: Label not found: AlertMode
logic/actors/camera.asm(269): error: Label not found: PlayerY
logic/actors/camera.asm(273): error: Label not found: PlayerX
logic/actors/camera.asm(329): error: Label not found: PlayerX
logic/actors/camera.asm(380): error: Label not found: PlayerX
logic/actors/lasershot.asm(8): error: Label not found: Room
logic/actors/snoringsymbol.asm(26): error: Label not found: AlertMode
logic/actors/snoringsymbol.asm(37): error: Label not found: Room
logic/actors/snoringsymbol.asm(44): error: Label not found: SleepyGuardFlag
logic/actors/hideguards.asm(162): error: Label not found: PreviousRoom
logic/actors/rendercameras.asm(44): error: Label not found: AlertModeCopy
logic/actors/rendercameras.asm(48): error: Label not found: EnemyList
logic/actors/powerswitch.asm(12): error: Label not found: PowerSwitchOn
logic/actors/powerswitch.asm(46): error: Label not found: Room
logic/actors/firetropper.asm(43): error: Label not found: EnemyList
logic/actors/firetropper.asm(99): error: Label not found: PlayerX
logic/actors/firetropper.asm(151): error: Label not found: EnemyListEntry1
logic/actors/firetropper.asm(173): error: Label not found: TempData
logic/actors/firetropper.asm(179): error: Label not found: TempData
logic/actors/firetropper.asm(197): error: Label not found: TempData
logic/actors/firetropper.asm(549): error: Label not found: FireTrooper_KO
logic/actors/flame.asm(8): error: Label not found: REMOVE_FLAMES
logic/actors/flame.asm(40): error: Label not found: FireTrooper_KO
logic/actors/bridge.asm(13): error: Label not found: EnemyList
logic/actors/pitfall.asm(142): error: Label not found: GfxPitfallBuffer
logic/actors/pitfall.asm(148): error: Label not found: Room
logic/actors/pitfall.asm(175): error: Label not found: TempData
logic/actors/pitfall.asm(179): error: Label not found: EnemyList
logic/actors/pitfall.asm(198): error: Label not found: TempData
logic/actors/guardalert.asm(10): error: Label not found: AlertMode
logic/actors/guardalert.asm(14): error: Label not found: Room
logic/actors/guardalert.asm(18): error: Label not found: Guard1ExitedLorry
logic/actors/guardalert.asm(26): error: Label not found: Guard2ExitedLorry
logic/actors/guardalert.asm(33): error: Label not found: Guard3ExitedLorry
logic/actors/guardalert.asm(58): error: Label not found: Room
logic/actors/guardalert.asm(81): error: Label not found: AlertRespawnTimer
logic/actors/guardalert.asm(332): error: Label not found: AlertMode
logic/actors/guardalert.asm(444): error: Label not found: PlayerX
logic/actors/guardalert.asm(452): error: Label not found: PlayerY
logic/actors/guardalert.asm(489): error: Label not found: Room
logic/actors/guardlorry.asm(24): error: Label not found: Room
logic/actors/guardlorry.asm(35): error: Label not found: Room
logic/actors/guardlorry.asm(37): error: Label not found: Guard1ExitedLorry
logic/actors/guardlorry.asm(59): error: Label not found: ControlConfig
logic/actors/guardlorry.asm(86): error: Label not found: Room
logic/actors/guardlorry.asm(88): error: Label not found: Guard1ExitedLorry
logic/actors/guardlorry.asm(154): error: Label not found: AlertMode
logic/actors/guardlorry.asm(198): error: Label not found: Room
logic/actors/guardlorry.asm(200): error: Label not found: Guard1ExitedLorry
logic/actors/guardelevator.asm(17): error: Label not found: PreviousRoom
logic/actors/guardelevator.asm(73): error: Label not found: AlertMode
logic/actors/guardelevator.asm(96): error: Label not found: PlayerY
logic/actors/guardelevator.asm(148): error: Label not found: PlayerY
logic/actors/guardelevator.asm(181): error: Label not found: PlayerX
logic/actors/guardelevator.asm(201): error: Label not found: AlertMode
logic/actors/guardelevator.asm(227): error: Label not found: XY_AlertIcon
logic/actors/guardelevator.asm(321): error: Label not found: PlayerY
logic/actors/guardelevator.asm(325): error: Label not found: PlayerX
logic/actors/guardelevator.asm(344): error: Label not found: EnemyListEntry1
logic/actors/guardelevator.asm(347): error: Label not found: EnemyListEntry2
logic/actors/shooter.asm(13): error: Label not found: Room
logic/actors/shooter.asm(17): error: Label not found: AlertMode
logic/actors/shooter.asm(21): error: Label not found: AlertRespawnTimer
logic/actors/shooter.asm(30): error: Label not found: PlayerY
logic/actors/shooter.asm(52): error: Label not found: PlayerY
logic/actors/shooter.asm(84): error: Label not found: PlayerY
logic/actors/shooter.asm(112): error: Label not found: PlayerY
logic/actors/guardsupressor.asm(9): error: Label not found: SupressorTaken
logic/actors/guardsupressor.asm(14): error: Label not found: AreaMusic
logic/actors/guardsupressor.asm(185): error: Label not found: PlayerY
logic/actors/guardsupressor.asm(195): error: Label not found: PlayerX
logic/actors/mine.asm(23): error: Label not found: SelectedItem
logic/actors/mine.asm(76): error: Label not found: SelectedItem
logic/actors/mine.asm(80): error: Label not found: EnemyList
logic/actors/jetpack.asm(79): error: Label not found: PreviousRoom
logic/actors/jetpack.asm(111): error: Label not found: AlertMode
logic/actors/jetpack.asm(159): error: Label not found: AlertMode
logic/actors/scorpion.asm(12): error: Label not found: TickCounter
logic/actors/bulldozer.asm(95): error: Label not found: Bulldozer_KO
logic/actors/bulldozer.asm(99): error: Label not found: BossTank_KO
logic/actors/bulldozer.asm(122): error: Label not found: Bulldozer_KO
logic/actors/guardswitch.asm(8): error: Label not found: PreviousRoom
logic/actors/guardswitch.asm(43): error: Label not found: AlertMode
logic/actors/guardswitch.asm(88): error: Label not found: AlertMode
logic/actors/guardswitch.asm(120): error: Label not found: PlayerX
logic/actors/guardswitch.asm(129): error: Label not found: PlayerX
logic/actors/guardswitch.asm(137): error: Label not found: PlayerY
logic/actors/guardswitch.asm(142): error: Label not found: PlayerAnimation
logic/actors/guardswitch.asm(146): error: Label not found: PlayerSpeedY
logic/actors/guardswitch.asm(152): error: Label not found: PlayerSpeedX
logic/actors/guardswitch.asm(245): error: Label not found: PlayerY
logic/actors/dogbasement.asm(16): error: Label not found: NoEnemiesRoom
logic/actors/dogbasement.asm(50): error: Label not found: NextRoomDirect
logic/actors/dogbasement.asm(58): error: Label not found: PlayerY
logic/actors/dogbasement.asm(124): error: Label not found: PlayerX
logic/actors/dogspawner.asm(34): error: Label not found: NumBasementDogs
logic/actors/shotgunner.asm(8): error: Label not found: ShotGunnerStat
logic/actors/shotgunner.asm(16): error: Label not found: PlayerX
logic/actors/shotgunner.asm(59): error: Label not found: ShotGunnerStat
logic/actors/shotgunner.asm(117): error: Label not found: PlayerY
logic/actors/shotgunner.asm(121): error: Label not found: PlayerX
logic/actors/shotgunner.asm(135): error: Label not found: PlayerX
logic/actors/machinegunkid.asm(9): error: Label not found: MachGunStatus
logic/actors/machinegunkid.asm(48): error: Label not found: MachGunStatus
logic/actors/machinegunkid.asm(104): error: Label not found: PlayerX
logic/actors/machinegunkid.asm(112): error: Label not found: PlayerX
logic/actors/machinegunkid.asm(163): error: Label not found: PlayerX
logic/actors/machinegunkid.asm(230): error: Label not found: PlayerX
logic/actors/hindd.asm(9): error: Label not found: BossHindD_KO
logic/actors/hindd.asm(16): error: Label not found: BossHindD_KO
logic/actors/hindd.asm(25): error: Label not found: EnemyList
logic/actors/shellspawner.asm(8): error: Label not found: BossTank_KO
logic/actors/shellspawner.asm(56): error: Label not found: PlayerX
logic/actors/tankshell.asm(15): error: Label not found: TickCounter
logic/actors/tank.asm(8): error: Label not found: BossTank_KO
logic/actors/tank.asm(26): error: Label not found: BossTank_KO
logic/actors/tank.asm(31): error: Label not found: GameMode
logic/actors/tank.asm(36): error: Label not found: AreaMusic
logic/actors/tank.asm(53): error: Label not found: PlayerX
logic/actors/tank.asm(238): error: Label not found: BossTank_KO
logic/actors/arnold.asm(8): error: Label not found: Card7Taken
logic/actors/arnold.asm(53): error: Label not found: PlayerY
logic/actors/arnold.asm(63): error: Label not found: PlayerX
logic/actors/arnold.asm(107): error: Label not found: PlayerY
logic/actors/arnold.asm(159): error: Label not found: PlayerY
logic/actors/arnold.asm(192): error: Label not found: PlayerX
logic/actors/lorryshooter.asm(18): error: Label not found: GameMode
logic/actors/lorryshooter.asm(23): error: Label not found: AreaMusic
logic/actors/bigboss.asm(8): error: Label not found: BigBossStat
logic/actors/bigboss.asm(52): error: Label not found: BigBossStat
logic/actors/bigboss.asm(257): error: Label not found: PlayerX
logic/actors/bigboss.asm(284): error: Label not found: PlayerY
logic/actors/bigboss.asm(305): error: Label not found: PlayerX
logic/actors/bigboss.asm(315): error: Label not found: PlayerY
logic/actors/bigboss.asm(424): error: Label not found: PlayerX
logic/actors/bigboss.asm(430): error: Label not found: PlayerY
logic/actors/bigboss.asm(450): error: Label not found: PlayerX
logic/actors/bigboss.asm(456): error: Label not found: PlayerY
logic/actors/elevatorguardspawner.asm(11): error: Label not found: PreviousRoom
logic/actors/elevatorguardspawner.asm(29): error: Label not found: AlertMode
sound/bgmdriver.asm(13): error: Label not found: SoundDataSaved
sound/bgmdriver.asm(20): error: Label not found: BigBossDeadSnd
sound/bgmdriver.asm(24): error: Label not found: SoundWorkAreaB
sound/bgmdriver.asm(29): error: Label not found: BigBossDeadSnd
sound/bgmdriver.asm(32): error: Label not found: AreaMusic
sound/bgmdriver.asm(36): error: Label not found: PGS_MixerVal
sound/bgmdriver.asm(45): error: Label not found: flagSndDatRestored
sound/bgmdriver.asm(47): error: Label not found: RestoreSoundData
sound/bgmdriver.asm(52): error: Label not found: SoundWorkArea2
sound/bgmdriver.asm(53): error: Label not found: SoundWorkArea
sound/bgmdriver.asm(57): error: Label not found: SoundDataSaved
sound/bgmdriver.asm(59): error: Label not found: flagSndDatRestored
sound/bgmdriver.asm(62): error: Label not found: SoundDataSaved
sound/bgmdriver.asm(66): error: Label not found: MusicToSet
sound/bgmdriver.asm(74): error: Label not found: SoundWorkArea
sound/bgmdriver.asm(154): error: Label not found: RadioFreq
sound/bgmdriver.asm(162): error: Label not found: RadioFreq
sound/bgmdriver.asm(169): error: Label not found: RadioFreqOffset
sound/bgmdriver.asm(271): error: Label not found: SoundWorkAreaSfx
sound/bgmdriver.asm(309): error: Label not found: SoundWorkArea
sound/bgmdriver.asm(314): error: Label not found: RadioFreqOffset
sound/bgmdriver.asm(370): error: Label not found: MuteSoundFlag
sound/bgmdriver.asm(576): error: Label not found: MuteSoundFlag
sound/bgmdriver.asm(680): error: Label not found: MuteSoundFlag
sound/bgmdriver.asm(745): error: Label not found: MuteSoundFlag
sound/bgmdriver.asm(884): error: Label not found: SoundWorkAreaC
sound/bgmdriver.asm(898): error: Label not found: flagSndDatRestored
sound/bgmdriver.asm(913): error: Label not found: SoundWorkAreaSfx
sound/bgmdriver.asm(1007): error: Label not found: FadeStepCnt
sound/bgmdriver.asm(1010): error: Label not found: SoundWorkArea
sound/bgmdriver.asm(1037): error: Label not found: MusicToSet
sound/bgmdriver.asm(1058): error: Label not found: SoundWorkAreaSfx
sound/bgmdriver.asm(1091): error: Label not found: SoundDataSaved
sound/bgmdriver.asm(1099): error: Label not found: VolumeFadeVal
sound/bgmdriver.asm(1147): error: Label not found: RestoreSoundData
sound/bgmdriver.asm(1277): error: Label not found: PGS_MixerVal
sound/bgmdriver.asm(1309): error: Label not found: PGS_MixerVal
sound/setsound.asm(15): error: Label not found: BigBossDeadSnd
sound/setsound.asm(29): error: Label not found: SoundWorkArea
sound/setsound.asm(30): error: Label not found: SoundWorkArea2
sound/setsound.asm(34): error: Label not found: SoundDataSaved
sound/setsound.asm(37): error: Label not found: SoundWorkArea
sound/setsound.asm(53): error: Label not found: SoundDataSaved
sound/setsound.asm(58): error: Label not found: FadeStepCnt
sound/setsound.asm(59): error: Label not found: VolumeFadeVal
sound/setsound.asm(60): error: Label not found: MusicToSet
sound/setsound.asm(68): error: Label not found: SoundWorkAreaSfx
sound/setsound.asm(82): error: Label not found: SoundWorkAreaSfx
sound/setsound.asm(83): error: Label not found: SoundWorkAreaC
logic/spawnitem.asm(21): error: Label not found: SpawnItemData
logic/spawnitem.asm(39): error: Label not found: SpawnedItems
logic/spawnitem.asm(44): error: Label not found: SpawnedItems
logic/spawnitem.asm(46): error: Label not found: ItemsInTheRoom
logic/spawnitem.asm(52): error: Label not found: SpawnItemData
logic/spawnitem.asm(60): error: Label not found: ItemsInTheRoom
logic/addroomitems.asm(9): error: Label not found: ItemsInTheRoom
logic/addroomitems.asm(10): error: Label not found: ItemsInTheRoom
logic/addroomitems.asm(15): error: Label not found: Room
logic/addroomitems.asm(35): error: Label not found: ItemsInTheRoom
logic/addroomitems.asm(47): error: Label not found: JeniRocketF
logic/addroomitems.asm(54): error: Label not found: WeaponsTaken
logic/addroomitems.asm(58): error: Label not found: ItemsTaken
logic/drawitemsinroom.asm(8): error: Label not found: ItemsInTheRoom
logic/gamedemo.asm(11): error: Label not found: DemoPlayId
logic/gamedemo.asm(14): error: Label not found: DemoPlayId
logic/gamedemo.asm(20): error: Label not found: DemolHoldTime
logic/gamedemo.asm(24): error: Label not found: DemoDataPointer
logic/gamedemo.asm(27): error: Label not found: DemoPlayId
logic/gamedemo.asm(48): error: Label not found: RadioFreq
logic/gamedemo.asm(51): error: Label not found: Life
logic/gamedemo.asm(56): error: Label not found: RadioLedDelay
logic/gamedemo.asm(59): error: Label not found: TutorialStatus
logic/gamedemo.asm(60): error: Label not found: RadioLedCnt
logic/gamedemo.asm(61): error: Label not found: EquipRadioStatus
logic/gamedemo.asm(73): error: Label not found: Room
logic/gamedemo.asm(85): error: Label not found: Room
logic/gamedemo.asm(88): error: Label not found: SelectedWeapon
logic/gamedemo.asm(89): error: Label not found: WeaponInUse
logic/gamedemo.asm(90): error: Label not found: Weapons
logic/gamedemo.asm(95): error: Label not found: MusicInDemoMode
logic/gamedemo.asm(100): error: Label not found: AreaMusic
logic/gamedemo.asm(104): error: Label not found: DemoPlayId
logic/gamedemo.asm(112): error: Label not found: PlayerY
logic/gamedemo.asm(120): error: Label not found: PlayingFlag
logic/gamedemo.asm(133): error: Label not found: DemoPlayId
logic/gamedemo.asm(137): error: Label not found: TutorialStatus
logic/gamedemo.asm(146): error: Label not found: EquipRadioStatus
logic/gamedemo.asm(159): error: Label not found: GameMode
logic/gamedemo.asm(164): error: Label not found: TutorialStatus
logic/gamedemo.asm(178): error: Label not found: DemolHoldTime
logic/gamedemo.asm(182): error: Label not found: DemoDataPointer
logic/gamedemo.asm(188): error: Label not found: DemolHoldTime
logic/gamedemo.asm(190): error: Label not found: DemoDataPointer
logic/gamedemo.asm(193): error: Label not found: DemoDataPointer
logic/gamedemo.asm(200): error: Label not found: PlayingFlag
logic/checkpoints.asm(11): error: Label not found: MetalGear_KO
logic/checkpoints.asm(16): error: Label not found: Room
logic/checkpoints.asm(18): error: Label not found: PreviousRoom
logic/checkpoints.asm(49): error: Label not found: DamageDelayTimer
logic/checkpoints.asm(63): error: Label not found: TempData
logic/checkpoints.asm(66): error: Label not found: GameProgressBuffer
logic/checkpoints.asm(114): error: Label not found: Room
logic/checkpoints.asm(116): error: Label not found: PlayerControlMod
logic/checkpoints.asm(118): error: Label not found: MaxAmmoGun
logic/checkpoints.asm(120): error: Label not found: DoorOpenArray
logic/checkpoints.asm(122): error: Label not found: Equipment
logic/checkpoints.asm(124): error: Label not found: GameDataArea
logic/passwords.asm(17): error: Label not found: PassKeysHold
logic/passwords.asm(18): error: Label not found: PassKeysTrigger
logic/passwords.asm(54): error: Label not found: PassKeysTrigger
logic/passwords.asm(87): error: Label not found: PasswordBuffer
logic/passwords.asm(88): error: Label not found: PasswordBuffer
logic/passwords.asm(111): error: Label not found: PasswordBuffer
logic/passwords.asm(173): error: Label not found: MaxAmmoRatioF
logic/passwords.asm(175): error: Label not found: MaxAmmoRatioF
logic/passwords.asm(177): error: Label not found: MaxAmmoGun
logic/passwords.asm(197): error: Label not found: MaxAmmoRatioF
logic/passwords.asm(199): error: Label not found: MaxAmmoRatioF
logic/passwords.asm(202): error: Label not found: MaxRations
logic/passwords.asm(230): error: Label not found: DoorOpenArray
logic/passwords.asm(235): error: Label not found: Equipment
logic/passwords.asm(254): error: Label not found: ItemsTaken
logic/elevatorroom.asm(8): error: Label not found: ElevatorStatus
logic/elevatorroom.asm(14): error: Label not found: GameMode
logic/elevatorroom.asm(16): error: Label not found: ControlsHold
logic/elevatorroom.asm(27): error: Label not found: PlayerDirectionNew
logic/elevatorroom.asm(34): error: Label not found: ElevatorDir
logic/elevatorroom.asm(35): error: Label not found: NextRoomDirect
logic/elevatorroom.asm(37): error: Label not found: GameMode
logic/elevatorroom.asm(44): error: Label not found: Room
logic/elevatorroom.asm(47): error: Label not found: ControlsHold
logic/elevatorroom.asm(50): error: Label not found: ElevatorDir
logic/elevatorroom.asm(51): error: Label not found: ElevatorY
logic/elevatorroom.asm(56): error: Label not found: PlayerY
logic/elevatorroom.asm(58): error: Label not found: PlayerY
logic/elevatorroom.asm(66): error: Label not found: Room
logic/elevatorroom.asm(108): error: Label not found: PlayerY
logic/elevatorroom.asm(110): error: Label not found: PlayerY
logic/elevatorroom.asm(161): error: Label not found: ElevatorStatus
logic/elevatorroom.asm(180): error: Label not found: SprElevatorAttr
logic/elevatorroom.asm(184): error: Label not found: ElevatorY
logic/elevatorroom.asm(190): error: Label not found: ElevatorX
logic/elevatorroom.asm(202): error: Label not found: SprElevatorCol
logic/introscene.asm(8): error: Label not found: IntroSceneStatus
logic/introscene.asm(33): error: Label not found: IntroSceneCnt
logic/introscene.asm(38): error: Label not found: ControlsTrigger
logic/introscene.asm(40): error: Label not found: PlayerDirection
logic/introscene.asm(42): error: Label not found: ControlsHold
logic/introscene.asm(53): error: Label not found: PlayerAnimation
logic/introscene.asm(55): error: Label not found: PlayerDirection
logic/introscene.asm(57): error: Label not found: IntroSceneCnt
logic/introscene.asm(67): error: Label not found: IntroSceneCnt
logic/introscene.asm(72): error: Label not found: ControlsTrigger
logic/introscene.asm(73): error: Label not found: ControlsHold
logic/introscene.asm(84): error: Label not found: IntroSceneCnt
logic/introscene.asm(86): error: Label not found: PlayerAnimation
logic/introscene.asm(88): error: Label not found: PlayerDirection
logic/introscene.asm(98): error: Label not found: IntroSceneCnt
logic/introscene.asm(103): error: Label not found: ControlsTrigger
logic/introscene.asm(105): error: Label not found: ControlsHold
logic/introscene.asm(111): error: Label not found: IntroSceneCnt
logic/introscene.asm(121): error: Label not found: IntroSceneCnt
logic/introscene.asm(126): error: Label not found: ControlsTrigger
logic/introscene.asm(128): error: Label not found: PlayerDirection
logic/introscene.asm(130): error: Label not found: ControlsHold
logic/introscene.asm(141): error: Label not found: PlayerAnimation
logic/introscene.asm(143): error: Label not found: PlayerDirection
logic/introscene.asm(145): error: Label not found: IntroSceneCnt
logic/introscene.asm(155): error: Label not found: IntroSceneCnt
logic/introscene.asm(164): error: Label not found: RadioCallFlag
logic/introscene.asm(176): error: Label not found: RestoreSoundData
logic/introscene.asm(183): error: Label not found: RadioLedDelay
logic/introscene.asm(186): error: Label not found: RadioLedCnt
logic/introscene.asm(187): error: Label not found: EquipRadioStatus
logic/introscene.asm(198): error: Label not found: EquipRadioStatus
logic/introscene.asm(228): error: Label not found: IntroSceneCnt
logic/introscene.asm(230): error: Label not found: PlayerMovSpeed
logic/introscene.asm(233): error: Label not found: IntroSceneStatus
logic/introscene.asm(244): error: Label not found: IntroSceneCnt
logic/introscene.asm(249): error: Label not found: ControlsTrigger
logic/introscene.asm(251): error: Label not found: PlayerDirection
logic/introscene.asm(253): error: Label not found: ControlsHold
logic/introscene.asm(266): error: Label not found: IntroSceneCnt
logic/introscene.asm(276): error: Label not found: IntroSceneCnt
logic/introscene.asm(281): error: Label not found: ControlsTrigger
logic/introscene.asm(283): error: Label not found: PlayerDirection
logic/introscene.asm(284): error: Label not found: ControlsHold
logic/introscene.asm(290): error: Label not found: PlayerYdec
logic/introscene.asm(292): error: Label not found: PlayerMovSpeed
logic/introscene.asm(294): error: Label not found: PlayerDirection
logic/introscene.asm(296): error: Label not found: PlayerAnimation
logic/introscene.asm(298): error: Label not found: IntroSceneCnt
logic/introscene.asm(308): error: Label not found: IntroSceneCnt
logic/introscene.asm(313): error: Label not found: ControlsTrigger
logic/introscene.asm(315): error: Label not found: PlayerDirection
logic/introscene.asm(316): error: Label not found: ControlsHold
logic/introscene.asm(323): error: Label not found: PlayerYdec
logic/introscene.asm(326): error: Label not found: PlayerAnimation
logic/introscene.asm(328): error: Label not found: PlayerDirection
logic/introscene.asm(329): error: Label not found: StopPlayerFlag
logic/introscene.asm(332): error: Label not found: IntroSceneCnt
logic/introscene.asm(342): error: Label not found: IntroSceneCnt
logic/introscene.asm(347): error: Label not found: ControlsHold
logic/introscene.asm(348): error: Label not found: ControlsTrigger
logic/introscene.asm(350): error: Label not found: PlayerDirection
logic/introscene.asm(361): error: Label not found: PlayerYdec
logic/introscene.asm(363): error: Label not found: PlayerYdec
logic/introscene.asm(374): error: Label not found: PlayerControlMod
logic/introscene.asm(377): error: Label not found: PlayerMovSpeed
logic/loadfont.asm(31): error: Label not found: BufferColor
logic/mainmenu.asm(22): error: Label not found: MenuCnt
logic/mainmenu.asm(25): error: Label not found: MenuStatus
logic/mainmenu.asm(42): error: Label not found: MenuStatus
logic/mainmenu.asm(71): error: Label not found: MenuCnt
logic/mainmenu.asm(72): error: Label not found: MenuStatus
logic/mainmenu.asm(85): error: Label not found: MenuCnt
logic/mainmenu.asm(91): error: Label not found: MenuCnt
logic/mainmenu.asm(127): error: Label not found: MenuCnt
logic/mainmenu.asm(131): error: Label not found: MenuCnt
logic/mainmenu.asm(140): error: Label not found: MenuCnt
logic/mainmenu.asm(192): error: Label not found: BufferColor
logic/konamilogo.asm(34): error: Label not found: Room
logic/konamilogo.asm(62): error: Label not found: Room
logic/konamilogo.asm(73): error: Label not found: Class
logic/lorry.asm(8): error: Label not found: Room
logic/lorry.asm(15): error: Label not found: EventCnt
logic/lorry.asm(17): error: Label not found: GameMode
logic/lorry.asm(35): error: Label not found: EventCnt
logic/lorry.asm(45): error: Label not found: LorryMovTextF
logic/lorry.asm(50): error: Label not found: LorryMovTextF
logic/lorry.asm(99): error: Label not found: GameMode
logic/madnarbigbossevent.asm(8): error: Label not found: Room
logic/madnarbigbossevent.asm(13): error: Label not found: MadnarMoved
logic/madnarbigbossevent.asm(18): error: Label not found: EventCnt
logic/madnarbigbossevent.asm(20): error: Label not found: GameMode
logic/madnarbigbossevent.asm(33): error: Label not found: SwitchOffMSXF
logic/madnarbigbossevent.asm(41): error: Label not found: EventCnt
logic/madnarbigbossevent.asm(52): error: Label not found: GameMode
logic/madnarbigbossevent.asm(54): error: Label not found: MadnarMoved
BanksABC.asm(37): error: Label not found: MetalGear_KO
BanksABC.asm(41): error: Label not found: MetalGear_KO
BanksABC.asm(47): error: Label not found: EnemyList
logic/updatesprites.asm(8): error: Label not found: SprColAddress
logic/updatesprites.asm(20): error: Label not found: SprAttAddress
logic/updatesprites.asm(21): error: Label not found: SprColAddress
logic/updatesprites.asm(33): error: Label not found: SprShuffleOffset
logic/updatesprites.asm(41): error: Label not found: SprColAddress
logic/updatesprites.asm(45): error: Label not found: SprShuffleOffset
logic/updatesprites.asm(50): error: Label not found: SpritesColors
logic/updatesprites.asm(62): error: Label not found: SprShuffleOffset
logic/updatesprites.asm(64): error: Label not found: SprAttRAM
logic/updatesprites.asm(85): error: Label not found: SpritesColors
logic/updatesprites.asm(86): error: Label not found: SprColAddress
logic/updatesprites.asm(99): error: Label not found: BinocularSprCol
logic/updatesprites.asm(100): error: Label not found: SprColAddress
logic/updatesprites.asm(107): error: Label not found: SprShootsAtt
logic/updatesprites.asm(108): error: Label not found: SprAttAddress
logic/saveload.asm(8): error: Label not found: SaveLoadMode
logic/saveload.asm(78): error: Label not found: Filename
logic/saveload.asm(119): error: Label not found: GameProgressBuffer
logic/saveload.asm(137): error: Label not found: TailDataByte
logic/saveload.asm(147): error: Label not found: SaveLoadStat
logic/saveload.asm(160): error: Label not found: KeyboardRow5
logic/saveload.asm(178): error: Label not found: SaveLoadStat
logic/saveload.asm(197): error: Label not found: GameProgressBuffer
logic/saveload.asm(224): error: Label not found: TailDataByte
logic/saveload.asm(255): error: Label not found: KeyboardRow5
logic/saveload.asm(274): error: Label not found: SoundWorkArea
logic/saveload.asm(275): error: Label not found: SoundWorkArea
logic/saveload.asm(280): error: Label not found: RestoreSavedGame
logic/saveload.asm(283): error: Label not found: SaveLoadMode
logic/saveload.asm(287): error: Label not found: DoNotAddEnemies
logic/saveload.asm(301): error: Label not found: KeyboardRow5
logic/saveload.asm(315): error: Label not found: SaveLoadStat
logic/saveload.asm(329): error: Label not found: DoNotAddEnemies
logic/saveload.asm(367): error: Label not found: DoNotAddEnemies
logic/saveload.asm(393): error: Label not found: EnemyListCopy
logic/saveload.asm(416): error: Label not found: TailDataByte
logic/saveload.asm(423): error: Label not found: GameProgressBuffer
logic/saveload.asm(424): error: Label not found: EnemyListCopy
logic/saveload.asm(429): error: Label not found: DoNotAddEnemies
logic/saveload.asm(437): error: Label not found: DoNotAddEnemies
logic/saveload.asm(441): error: Label not found: SaveLoadMode
logic/saveload.asm(450): error: Label not found: SaveLoadStat
logic/saveload.asm(468): error: Label not found: KeyboardRow5
logic/saveload.asm(473): error: Label not found: SaveLoadStat
logic/saveload.asm(518): error: Label not found: FilenameFound
logic/saveload.asm(533): error: Label not found: FilenameFound
logic/saveload.asm(534): error: Label not found: Filename
logic/saveload.asm(571): error: Label not found: FilenameFound
logic/saveload.asm(593): error: Label not found: FilenameSize
logic/saveload.asm(594): error: Label not found: Filename
logic/saveload.asm(679): error: Label not found: Filename
logic/saveload.asm(708): error: Label not found: RestoreSavedGame
logic/saveload.asm(709): error: Label not found: DoNotAddEnemies
logic/saveload.asm(717): error: Label not found: Filename
logic/saveload.asm(723): error: Label not found: FilenameSize
logic/saveload.asm(740): error: Label not found: GameProgressBuffer
logic/saveload.asm(752): error: Label not found: TailDataByte
logic/ending.asm(13): error: Label not found: Room
logic/ending.asm(18): error: Label not found: EndingStatus
logic/ending.asm(20): error: Label not found: DestructTimer
logic/ending.asm(23): error: Label not found: GameMode
logic/ending.asm(26): error: Label not found: PlayerX
logic/ending.asm(27): error: Label not found: PlayerY
logic/ending.asm(30): error: Label not found: RadioFreq
logic/ending.asm(41): error: Label not found: EndingStatus
logic/ending.asm(47): error: Label not found: EndingCnt
logic/ending.asm(52): error: Label not found: EndingCnt
logic/ending.asm(55): error: Label not found: SnakeSprId
logic/ending.asm(74): error: Label not found: EndingCnt
logic/ending.asm(79): error: Label not found: EndingCnt
logic/ending.asm(92): error: Label not found: EndingCnt
logic/ending.asm(107): error: Label not found: SoundWorkAreaB
logic/ending.asm(116): error: Label not found: EndingCnt
logic/ending.asm(129): error: Label not found: EndingCnt
logic/ending.asm(168): error: Label not found: TickCounter
logic/ending.asm(172): error: Label not found: RadioFreq
logic/ending.asm(180): error: Label not found: RadioFreq
logic/ending.asm(185): error: Label not found: RadioLedDelay
logic/ending.asm(188): error: Label not found: RadioLedCnt
logic/ending.asm(189): error: Label not found: EquipRadioStatus
logic/ending.asm(192): error: Label not found: EndingStatus
logic/ending.asm(208): error: Label not found: EquipRadioStatus
logic/ending.asm(255): error: Label not found: MusicToSet
logic/ending.asm(277): error: Label not found: EndingCnt
logic/ending.asm(290): error: Label not found: EndingCnt
logic/ending.asm(334): error: Label not found: DestructTimerH
logic/ending.asm(360): error: Label not found: EndingCnt
logic/ending.asm(380): error: Label not found: GameMode
logic/ending.asm(392): error: Label not found: TickCounter
logic/ending.asm(399): error: Label not found: SnakeSprId
logic/ending.asm(401): error: Label not found: PlayerXdec
logic/ending.asm(404): error: Label not found: PlayerXdec
logic/drawlaserbeams.asm(8): error: Label not found: SelectedItem
logic/drawlaserbeams.asm(12): error: Label not found: AlertMode
logic/drawlaserbeams.asm(16): error: Label not found: Room
logic/drawlaserbeams.asm(27): error: Label not found: EnemyList
logic/drawlaserbeams.asm(85): error: Label not found: EnemyList
logic/drawlaserbeams.asm(86): error: Label not found: NumEnemies